<html>
<body>
<pre>
<h1>µVision Build Log</h1>
<h2>Tool Versions:</h2>
IDE-Version: ¦ÌVision V5.26.2.0
Copyright (C) 2018 ARM Ltd and ARM Germany GmbH. All rights reserved.
License Information: Guo Tian, USTC, LIC=50D7S-LXMBZ-ZEXH2-9A8R9-U7XG7-5SRRQ
 
Tool Versions:
Toolchain:       MDK-ARM Professional  Version: 5.26.2.0
Toolchain Path:  D:\AppT_1001\keil\ARM\ARMCC\Bin
C Compiler:      Armcc.exe V5.06 update 6 (build 750)
Assembler:       Armasm.exe V5.06 update 6 (build 750)
Linker/Locator:  ArmLink.exe V5.06 update 6 (build 750)
Library Manager: ArmAr.exe V5.06 update 6 (build 750)
Hex Converter:   FromElf.exe V5.06 update 6 (build 750)
CPU DLL:         SARMCM3.DLL V5.26.2.0
Dialog DLL:      DCM.DLL V1.17.2.0
Target DLL:      STLink\ST-LINKIII-KEIL_SWO.dll V3.0.5.0
Dialog DLL:      TCM.DLL V1.36.1.0
 
<h2>Project:</h2>
E:\rm\ICPT\ICPT_code\ICPT_Tx\MDK-ARM\ICPT_code.uvprojx
Project File Date:  01/15/2025

<h2>Output:</h2>
*** Using Compiler 'V5.06 update 6 (build 750)', folder: 'D:\AppT_1001\keil\ARM\ARMCC\Bin'
Build target 'ICPT_code'
compiling exit.c...
..\app\exit.c(41): warning:  #188-D: enumerated type mixed with another type
          LED_B(1);
..\app\exit.c(67): warning:  #188-D: enumerated type mixed with another type
          LED_B(0);
..\app\exit.c(99): warning:  #188-D: enumerated type mixed with another type
              LED_R(1);
..\app\exit.c(104): warning:  #188-D: enumerated type mixed with another type
              LED_R(0);
..\app\exit.c: 4 warnings, 0 errors
linking...
Program Size: Code=25278 RO-data=2002 RW-data=92 ZI-data=2340  
FromELF: creating hex file...
"ICPT_code\ICPT_code.axf" - 0 Error(s), 4 Warning(s).

<h2>Software Packages used:</h2>

Package Vendor: ARM
                http://www.keil.com/pack/ARM.CMSIS.5.4.0.pack
                ARM.CMSIS.5.4.0
                CMSIS (Cortex Microcontroller Software Interface Standard)
   * Component: CORE Version: 5.1.2

Package Vendor: Keil
                http://www.keil.com/pack/Keil.STM32F3xx_DFP.2.2.2.pack
                Keil.STM32F3xx_DFP.2.2.2
                STMicroelectronics STM32F3 Series Device Support and Examples

<h2>Collection of Component include folders:</h2>
  .\RTE\_ICPT_code
  D:\AppT_1001\keil\ARM\PACK\ARM\CMSIS\5.4.0\CMSIS\Core\Include
  D:\AppT_1001\keil\ARM\PACK\Keil\STM32F3xx_DFP\2.2.2\Drivers\CMSIS\Device\ST\STM32F3xx\Include

<h2>Collection of Component Files used:</h2>

   * Component: ARM::CMSIS:CORE:5.1.2
Build Time Elapsed:  00:00:02
</pre>
</body>
</html>
